******************************************************************************
                  TI ARM Linker PC v18.1.1                     
******************************************************************************
>> Linked Fri May  4 17:38:41 2018

OUTPUT FILE NAME:   <ProyectoLCD.out>
ENTRY POINT SYMBOL: "_c_int00_noargs"  address: 000011cd


MEMORY CONFIGURATION

         name            origin    length      used     unused   attr    fill
----------------------  --------  ---------  --------  --------  ----  --------
  FLASH                 00000000   00040000  000013da  0003ec26  R  X
  SRAM                  20000000   00008000  00000268  00007d98  RW X


SEGMENT ALLOCATION MAP

run origin  load origin   length   init length attrs members
----------  ----------- ---------- ----------- ----- -------
00000000    00000000    000013e0   000013e0    r-x
  00000000    00000000    0000026c   0000026c    r-- .intvecs
  0000026c    0000026c    000010be   000010be    r-x .text
  0000132a    0000132a    00000078   00000078    r-- .const
  000013a8    000013a8    00000038   00000038    r-- .cinit
20000000    20000000    00000268   00000000    rw-
  20000000    20000000    00000200   00000000    rw- .stack
  20000200    20000200    00000050   00000000    rw- .bss
  20000250    20000250    00000018   00000000    rw- .data


SECTION ALLOCATION MAP

 output                                  attributes/
section   page    origin      length       input sections
--------  ----  ----------  ----------   ----------------
.intvecs   0    00000000    0000026c     
                  00000000    0000026c     tm4c123gh6pm_startup_ccs.obj (.intvecs)

.text      0    0000026c    000010be     
                  0000026c    0000067c     lcd.obj (.text)
                  000008e8    000002f0     game.obj (.text)
                  00000bd8    000001ec     main.obj (.text)
                  00000dc4    00000132     driverlib.lib : gpio.obj (.text:GPIOPadConfigSet)
                  00000ef6    00000002     --HOLE-- [fill = 0]
                  00000ef8    000000f4                   : sysctl.obj (.text:SysCtlClockSet)
                  00000fec    0000009c     rtsv7M4_T_le_v4SPD16_eabi.lib : memcpy_t2.asm.obj (.text)
                  00001088    00000068                                   : copy_decompress_lzss.c.obj (.text:decompress:lzss:__TI_decompress_lzss)
                  000010f0    00000060     driverlib.lib : timer.obj (.text:TimerConfigure)
                  00001150    00000044     rtsv7M4_T_le_v4SPD16_eabi.lib : autoinit.c.obj (.text:__TI_auto_init_nobinit_nopinit:__TI_auto_init_nobinit_nopinit)
                  00001194    00000038     driverlib.lib : sysctl.obj (.text:SysCtlPeripheralReady)
                  000011cc    00000038     rtsv7M4_T_le_v4SPD16_eabi.lib : boot_cortex_m.c.obj (.text:_c_int00_noargs:_c_int00_noargs)
                  00001204    00000034     driverlib.lib : sysctl.obj (.text:SysCtlPeripheralEnable)
                  00001238    0000002a                   : gpio.obj (.text:GPIODirModeSet)
                  00001262    00000028                   : timer.obj (.text:TimerUpdateMode)
                  0000128a    00000018                   : gpio.obj (.text:GPIOPinTypeGPIOOutput)
                  000012a2    00000012                   : gpio.obj (.text:GPIOPinTypeGPIOInput)
                  000012b4    00000012                   : timer.obj (.text:TimerLoadSet)
                  000012c6    00000012     rtsv7M4_T_le_v4SPD16_eabi.lib : copy_zero_init.c.obj (.text:decompress:ZI:__TI_zero_init_nomemset:__TI_zero_init_nomemset)
                  000012d8    0000000e     driverlib.lib : timer.obj (.text:TimerEnable)
                  000012e6    0000000e     rtsv7M4_T_le_v4SPD16_eabi.lib : copy_decompress_none.c.obj (.text:decompress:none:__TI_decompress_none)
                  000012f4    0000000c     tm4c123gh6pm_startup_ccs.obj (.text)
                  00001300    0000000a     driverlib.lib : timer.obj (.text:TimerValueGet)
                  0000130a    00000006                   : gpio.obj (.text:GPIOPinRead)
                  00001310    00000006                   : gpio.obj (.text:GPIOPinWrite)
                  00001316    00000006                   : sysctl.obj (.text:SysCtlDelay)
                  0000131c    00000006                   : timer.obj (.text:TimerClockSourceSet)
                  00001322    00000004     rtsv7M4_T_le_v4SPD16_eabi.lib : pre_init.c.obj (.text:_system_pre_init)
                  00001326    00000004                                   : exit.c.obj (.text:abort:abort)

.const     0    0000132a    00000078     
                  0000132a    00000020     game.obj (.const:.string:initialMsg)
                  0000134a    00000020     game.obj (.const:.string:loserMsg)
                  0000136a    00000020     game.obj (.const:.string:winnerMsg)
                  0000138a    00000008     lcd.obj (.const:.string:$P$T0$4)
                  00001392    00000008     lcd.obj (.const:.string:$P$T1$5)
                  0000139a    00000008     lcd.obj (.const:.string:$P$T2$6)

.cinit     0    000013a8    00000038     
                  000013a8    00000013     (.cinit..data.load) [load image, compression = lzss]
                  000013bb    00000001     --HOLE-- [fill = 0]
                  000013bc    0000000c     (__TI_handler_table)
                  000013c8    00000008     (.cinit..bss.load) [load image, compression = zero_init]
                  000013d0    00000010     (__TI_cinit_table)

.init_array 
*          0    00000000    00000000     UNINITIALIZED

.bss       0    20000200    00000050     UNINITIALIZED
                  20000200    00000020     lcd.obj (.bss:LCD__WriteMsg_bpData)
                  20000220    00000020     game.obj (.bss:scenario)
                  20000240    00000010     lcd.obj (.bss)

.data      0    20000250    00000018     UNINITIALIZED
                  20000250    00000010     game.obj (.data)
                  20000260    00000008     lcd.obj (.data)

.stack     0    20000000    00000200     UNINITIALIZED
                  20000000    00000004     rtsv7M4_T_le_v4SPD16_eabi.lib : boot_cortex_m.c.obj (.stack)
                  20000004    000001fc     --HOLE--

MODULE SUMMARY

       Module                         code   ro data   rw data
       ------                         ----   -------   -------
    .\
       lcd.obj                        1660   24        56     
       game.obj                       752    96        48     
       tm4c123gh6pm_startup_ccs.obj   12     620       0      
       main.obj                       492    0         0      
    +--+------------------------------+------+---------+---------+
       Total:                         2916   740       104    
                                                              
    C:/ti/TivaWare_C_Series-2.1.3.156/driverlib/ccs/Debug/driverlib.lib
       gpio.obj                       402    0         0      
       sysctl.obj                     358    0         0      
       timer.obj                      184    0         0      
    +--+------------------------------+------+---------+---------+
       Total:                         944    0         0      
                                                              
    C:\ti\ccsv8\tools\compiler\ti-cgt-arm_18.1.1.LTS\lib\rtsv7M4_T_le_v4SPD16_eabi.lib
       memcpy_t2.asm.obj              156    0         0      
       copy_decompress_lzss.c.obj     104    0         0      
       autoinit.c.obj                 68     0         0      
       boot_cortex_m.c.obj            56     0         0      
       copy_zero_init.c.obj           18     0         0      
       copy_decompress_none.c.obj     14     0         0      
       exit.c.obj                     4      0         0      
       pre_init.c.obj                 4      0         0      
    +--+------------------------------+------+---------+---------+
       Total:                         424    0         0      
                                                              
       Stack:                         0      0         512    
       Linker Generated:              0      55        0      
    +--+------------------------------+------+---------+---------+
       Grand Total:                   4284   795       616    


LINKER GENERATED COPY TABLES

__TI_cinit_table @ 000013d0 records: 2, size/record: 8, table size: 16
	.data: load addr=000013a8, load size=00000013 bytes, run addr=20000250, run size=00000018 bytes, compression=lzss
	.bss: load addr=000013c8, load size=00000008 bytes, run addr=20000200, run size=00000050 bytes, compression=zero_init


LINKER GENERATED HANDLER TABLE

__TI_handler_table @ 000013bc records: 3, size/record: 4, table size: 12
	index: 0, handler: __TI_decompress_lzss
	index: 1, handler: __TI_decompress_none
	index: 2, handler: __TI_zero_init


GLOBAL SYMBOLS: SORTED ALPHABETICALLY BY Name 

address   name                          
-------   ----                          
00001327  C$$EXIT                       
000008e9  GAME_Init                     
00000927  GAME_Run                      
00000aab  GAME__AddRandomObstacle       
00000b3b  GAME__DetectCollision         
00000ad9  GAME__DrawScenario            
00000b65  GAME__MoveKart                
00000ae5  GAME__ScenarioStep            
00001239  GPIODirModeSet                
00000dc5  GPIOPadConfigSet              
0000130b  GPIOPinRead                   
000012a3  GPIOPinTypeGPIOInput          
0000128b  GPIOPinTypeGPIOOutput         
00001311  GPIOPinWrite                  
000002d7  LCD_GotoXY                    
0000026d  LCD_Init                      
00000325  LCD_RunSM                     
0000030f  LCD_WriteCmd                  
000002f9  LCD_WriteData                 
0000027d  LCD_WriteMsg                  
000012f5  ResetISR                      
00000ef9  SysCtlClockSet                
00001317  SysCtlDelay                   
00001205  SysCtlPeripheralEnable        
00001195  SysCtlPeripheralReady         
0000131d  TimerClockSourceSet           
000010f1  TimerConfigure                
000012d9  TimerEnable                   
000012b5  TimerLoadSet                  
00001263  TimerUpdateMode               
00001301  TimerValueGet                 
20000200  __STACK_END                   
00000200  __STACK_SIZE                  
20000200  __STACK_TOP                   
000013d0  __TI_CINIT_Base               
000013e0  __TI_CINIT_Limit              
000013bc  __TI_Handler_Table_Base       
000013c8  __TI_Handler_Table_Limit      
00001151  __TI_auto_init_nobinit_nopinit
00001089  __TI_decompress_lzss          
000012e7  __TI_decompress_none          
ffffffff  __TI_pprof_out_hndl           
ffffffff  __TI_prof_data_size           
ffffffff  __TI_prof_data_start          
00000000  __TI_static_base__            
000012c7  __TI_zero_init_nomemset       
00000fed  __aeabi_memcpy                
00000fed  __aeabi_memcpy4               
00000fed  __aeabi_memcpy8               
ffffffff  __binit__                     
ffffffff  __c_args__                    
UNDEFED   __mpu_init                    
20000000  __stack                       
000011cd  _c_int00_noargs               
UNDEFED   _system_post_cinit            
00001323  _system_pre_init              
00001327  abort                         
ffffffff  binit                         
00000000  g_pfnVectors                  
00000bd9  main                          
00000fed  memcpy                        


GLOBAL SYMBOLS: SORTED BY Symbol Address 

address   name                          
-------   ----                          
00000000  __TI_static_base__            
00000000  g_pfnVectors                  
00000200  __STACK_SIZE                  
0000026d  LCD_Init                      
0000027d  LCD_WriteMsg                  
000002d7  LCD_GotoXY                    
000002f9  LCD_WriteData                 
0000030f  LCD_WriteCmd                  
00000325  LCD_RunSM                     
000008e9  GAME_Init                     
00000927  GAME_Run                      
00000aab  GAME__AddRandomObstacle       
00000ad9  GAME__DrawScenario            
00000ae5  GAME__ScenarioStep            
00000b3b  GAME__DetectCollision         
00000b65  GAME__MoveKart                
00000bd9  main                          
00000dc5  GPIOPadConfigSet              
00000ef9  SysCtlClockSet                
00000fed  __aeabi_memcpy                
00000fed  __aeabi_memcpy4               
00000fed  __aeabi_memcpy8               
00000fed  memcpy                        
00001089  __TI_decompress_lzss          
000010f1  TimerConfigure                
00001151  __TI_auto_init_nobinit_nopinit
00001195  SysCtlPeripheralReady         
000011cd  _c_int00_noargs               
00001205  SysCtlPeripheralEnable        
00001239  GPIODirModeSet                
00001263  TimerUpdateMode               
0000128b  GPIOPinTypeGPIOOutput         
000012a3  GPIOPinTypeGPIOInput          
000012b5  TimerLoadSet                  
000012c7  __TI_zero_init_nomemset       
000012d9  TimerEnable                   
000012e7  __TI_decompress_none          
000012f5  ResetISR                      
00001301  TimerValueGet                 
0000130b  GPIOPinRead                   
00001311  GPIOPinWrite                  
00001317  SysCtlDelay                   
0000131d  TimerClockSourceSet           
00001323  _system_pre_init              
00001327  C$$EXIT                       
00001327  abort                         
000013bc  __TI_Handler_Table_Base       
000013c8  __TI_Handler_Table_Limit      
000013d0  __TI_CINIT_Base               
000013e0  __TI_CINIT_Limit              
20000000  __stack                       
20000200  __STACK_END                   
20000200  __STACK_TOP                   
ffffffff  __TI_pprof_out_hndl           
ffffffff  __TI_prof_data_size           
ffffffff  __TI_prof_data_start          
ffffffff  __binit__                     
ffffffff  __c_args__                    
ffffffff  binit                         
UNDEFED   __mpu_init                    
UNDEFED   _system_post_cinit            

[61 symbols]
